MemTotal:        1844596 kB
MemFree:         1507612 kB
MemAvailable:    1577156 kB
Buffers:           24256 kB
Cached:           175880 kB
MemTotal:        1844596 kB
MemFree:         1507488 kB
MemAvailable:    1577032 kB
Buffers:           24256 kB
Cached:           175880 kB
MemTotal:        1844596 kB
MemFree:         1505000 kB
MemAvailable:    1574544 kB
Buffers:           24256 kB
Cached:           175880 kB
MemTotal:        1844596 kB
MemFree:         1504272 kB
MemAvailable:    1573816 kB
Buffers:           24256 kB
Cached:           175880 kB
MemTotal:        1844596 kB
MemFree:         1502528 kB
MemAvailable:    1572072 kB
Buffers:           24256 kB
Cached:           175880 kB
MemTotal:        1844596 kB
MemFree:         1503776 kB
MemAvailable:    1573320 kB
Buffers:           24256 kB
Cached:           175880 kB
MemTotal:        1844596 kB
MemFree:         1500412 kB
MemAvailable:    1569956 kB
Buffers:           24256 kB
Cached:           175880 kB
MemTotal:        1844596 kB
MemFree:         1500372 kB
MemAvailable:    1569916 kB
Buffers:           24256 kB
Cached:           175880 kB
MemTotal:        1844596 kB
MemFree:         1496708 kB
MemAvailable:    1566252 kB
Buffers:           24256 kB
Cached:           175880 kB
MemTotal:        1844596 kB
MemFree:         1493856 kB
MemAvailable:    1563400 kB
Buffers:           24256 kB
Cached:           175880 kB
MemTotal:        1844596 kB
MemFree:         1491500 kB
MemAvailable:    1561044 kB
Buffers:           24256 kB
Cached:           175880 kB
MemTotal:        1844596 kB
MemFree:         1492492 kB
MemAvailable:    1562036 kB
Buffers:           24256 kB
Cached:           175880 kB
MemTotal:        1844596 kB
MemFree:         1493940 kB
MemAvailable:    1563484 kB
Buffers:           24256 kB
Cached:           175880 kB
MemTotal:        1844596 kB
MemFree:         1493744 kB
MemAvailable:    1563288 kB
Buffers:           24256 kB
Cached:           175880 kB
MemTotal:        1844596 kB
MemFree:         1493864 kB
MemAvailable:    1563408 kB
Buffers:           24256 kB
Cached:           175880 kB
MemTotal:        1844596 kB
MemFree:         1493540 kB
MemAvailable:    1563084 kB
Buffers:           24256 kB
Cached:           175880 kB
MemTotal:        1844596 kB
MemFree:         1493792 kB
MemAvailable:    1563336 kB
Buffers:           24256 kB
Cached:           175880 kB
MemTotal:        1844596 kB
MemFree:         1493420 kB
MemAvailable:    1562964 kB
Buffers:           24256 kB
Cached:           175880 kB
MemTotal:        1844596 kB
MemFree:         1491980 kB
MemAvailable:    1561524 kB
Buffers:           24256 kB
Cached:           175880 kB
MemTotal:        1844596 kB
MemFree:         1491004 kB
MemAvailable:    1560548 kB
Buffers:           24256 kB
Cached:           175880 kB
MemTotal:        1844596 kB
MemFree:         1490128 kB
MemAvailable:    1559672 kB
Buffers:           24256 kB
Cached:           175880 kB
MemTotal:        1844596 kB
MemFree:         1490128 kB
MemAvailable:    1559672 kB
Buffers:           24256 kB
Cached:           175880 kB
MemTotal:        1844596 kB
MemFree:         1490252 kB
MemAvailable:    1559800 kB
Buffers:           24256 kB
Cached:           175884 kB
MemTotal:        1844596 kB
MemFree:         1490260 kB
MemAvailable:    1559808 kB
Buffers:           24256 kB
Cached:           175884 kB
MemTotal:        1844596 kB
MemFree:         1490080 kB
MemAvailable:    1559628 kB
Buffers:           24256 kB
Cached:           175884 kB
MemTotal:        1844596 kB
MemFree:         1491244 kB
MemAvailable:    1560792 kB
Buffers:           24256 kB
Cached:           175884 kB
MemTotal:        1844596 kB
MemFree:         1491312 kB
MemAvailable:    1560860 kB
Buffers:           24256 kB
Cached:           175884 kB
MemTotal:        1844596 kB
MemFree:         1489880 kB
MemAvailable:    1559428 kB
Buffers:           24256 kB
Cached:           175884 kB
MemTotal:        1844596 kB
MemFree:         1491196 kB
MemAvailable:    1560744 kB
Buffers:           24256 kB
Cached:           175884 kB
MemTotal:        1844596 kB
MemFree:         1490832 kB
MemAvailable:    1560380 kB
Buffers:           24256 kB
Cached:           175884 kB
MemTotal:        1844596 kB
MemFree:         1491584 kB
MemAvailable:    1561132 kB
Buffers:           24256 kB
Cached:           175884 kB
MemTotal:        1844596 kB
MemFree:         1492720 kB
MemAvailable:    1562268 kB
Buffers:           24256 kB
Cached:           175884 kB
MemTotal:        1844596 kB
MemFree:         1491252 kB
MemAvailable:    1560800 kB
Buffers:           24256 kB
Cached:           175884 kB
MemTotal:        1844596 kB
MemFree:         1489764 kB
MemAvailable:    1559312 kB
Buffers:           24256 kB
Cached:           175884 kB
MemTotal:        1844596 kB
MemFree:         1488144 kB
MemAvailable:    1557692 kB
Buffers:           24256 kB
Cached:           175884 kB
MemTotal:        1844596 kB
MemFree:         1488948 kB
MemAvailable:    1558496 kB
Buffers:           24256 kB
Cached:           175884 kB
MemTotal:        1844596 kB
MemFree:         1488708 kB
MemAvailable:    1558256 kB
Buffers:           24256 kB
Cached:           175884 kB
MemTotal:        1844596 kB
MemFree:         1487036 kB
MemAvailable:    1556584 kB
Buffers:           24256 kB
Cached:           175884 kB
MemTotal:        1844596 kB
MemFree:         1486904 kB
MemAvailable:    1556452 kB
Buffers:           24256 kB
Cached:           175884 kB
MemTotal:        1844596 kB
MemFree:         1487900 kB
MemAvailable:    1557448 kB
Buffers:           24256 kB
Cached:           175884 kB
MemTotal:        1844596 kB
MemFree:         1487408 kB
MemAvailable:    1556956 kB
Buffers:           24256 kB
Cached:           175884 kB
MemTotal:        1844596 kB
MemFree:         1486532 kB
MemAvailable:    1556080 kB
Buffers:           24256 kB
Cached:           175884 kB
MemTotal:        1844596 kB
MemFree:         1487120 kB
MemAvailable:    1556672 kB
Buffers:           24256 kB
Cached:           175888 kB
MemTotal:        1844596 kB
MemFree:         1487020 kB
MemAvailable:    1556572 kB
Buffers:           24256 kB
Cached:           175888 kB
MemTotal:        1844596 kB
MemFree:         1485920 kB
MemAvailable:    1555472 kB
Buffers:           24256 kB
Cached:           175888 kB
MemTotal:        1844596 kB
MemFree:         1487168 kB
MemAvailable:    1556720 kB
Buffers:           24256 kB
Cached:           175888 kB
MemTotal:        1844596 kB
MemFree:         1487228 kB
MemAvailable:    1556780 kB
Buffers:           24256 kB
Cached:           175888 kB
MemTotal:        1844596 kB
MemFree:         1485600 kB
MemAvailable:    1555152 kB
Buffers:           24256 kB
Cached:           175888 kB
MemTotal:        1844596 kB
MemFree:         1486832 kB
MemAvailable:    1556384 kB
Buffers:           24256 kB
Cached:           175888 kB
MemTotal:        1844596 kB
MemFree:         1486916 kB
MemAvailable:    1556468 kB
Buffers:           24256 kB
Cached:           175888 kB
MemTotal:        1844596 kB
MemFree:         1486644 kB
MemAvailable:    1556196 kB
Buffers:           24256 kB
Cached:           175888 kB
MemTotal:        1844596 kB
MemFree:         1485300 kB
MemAvailable:    1554852 kB
Buffers:           24256 kB
Cached:           175888 kB
MemTotal:        1844596 kB
MemFree:         1485852 kB
MemAvailable:    1555404 kB
Buffers:           24256 kB
Cached:           175888 kB
MemTotal:        1844596 kB
MemFree:         1485852 kB
MemAvailable:    1555404 kB
Buffers:           24256 kB
Cached:           175888 kB
MemTotal:        1844596 kB
MemFree:         1486164 kB
MemAvailable:    1555716 kB
Buffers:           24256 kB
Cached:           175888 kB
MemTotal:        1844596 kB
MemFree:         1486164 kB
MemAvailable:    1555716 kB
Buffers:           24256 kB
Cached:           175888 kB
MemTotal:        1844596 kB
MemFree:         1484988 kB
MemAvailable:    1554540 kB
Buffers:           24256 kB
Cached:           175888 kB
MemTotal:        1844596 kB
MemFree:         1486212 kB
MemAvailable:    1555764 kB
Buffers:           24256 kB
Cached:           175888 kB
MemTotal:        1844596 kB
MemFree:         1486016 kB
MemAvailable:    1555568 kB
Buffers:           24256 kB
Cached:           175888 kB
MemTotal:        1844596 kB
MemFree:         1486272 kB
MemAvailable:    1555824 kB
Buffers:           24256 kB
Cached:           175888 kB
MemTotal:        1844596 kB
MemFree:         1484728 kB
MemAvailable:    1554280 kB
Buffers:           24256 kB
Cached:           175888 kB
MemTotal:        1844596 kB
MemFree:         1485788 kB
MemAvailable:    1555340 kB
Buffers:           24256 kB
Cached:           175888 kB
MemTotal:        1844596 kB
MemFree:         1486016 kB
MemAvailable:    1555568 kB
Buffers:           24256 kB
Cached:           175888 kB
MemTotal:        1844596 kB
MemFree:         1486272 kB
MemAvailable:    1555824 kB
Buffers:           24256 kB
Cached:           175888 kB
MemTotal:        1844596 kB
MemFree:         1486076 kB
MemAvailable:    1555628 kB
Buffers:           24256 kB
Cached:           175888 kB
MemTotal:        1844596 kB
MemFree:         1484804 kB
MemAvailable:    1554356 kB
Buffers:           24256 kB
Cached:           175888 kB
MemTotal:        1844596 kB
MemFree:         1485720 kB
MemAvailable:    1555272 kB
Buffers:           24256 kB
Cached:           175888 kB
MemTotal:        1844596 kB
MemFree:         1485588 kB
MemAvailable:    1555140 kB
Buffers:           24256 kB
Cached:           175888 kB
MemTotal:        1844596 kB
MemFree:         1484156 kB
MemAvailable:    1553708 kB
Buffers:           24256 kB
Cached:           175888 kB
MemTotal:        1844596 kB
MemFree:         1485456 kB
MemAvailable:    1555008 kB
Buffers:           24256 kB
Cached:           175888 kB
MemTotal:        1844596 kB
MemFree:         1485272 kB
MemAvailable:    1554824 kB
Buffers:           24256 kB
Cached:           175888 kB
MemTotal:        1844596 kB
MemFree:         1485580 kB
MemAvailable:    1555132 kB
Buffers:           24256 kB
Cached:           175888 kB
MemTotal:        1844596 kB
MemFree:         1484308 kB
MemAvailable:    1553860 kB
Buffers:           24256 kB
Cached:           175888 kB
MemTotal:        1844596 kB
MemFree:         1485224 kB
MemAvailable:    1554776 kB
Buffers:           24256 kB
Cached:           175888 kB
MemTotal:        1844596 kB
MemFree:         1484124 kB
MemAvailable:    1553676 kB
Buffers:           24256 kB
Cached:           175888 kB
MemTotal:        1844596 kB
MemFree:         1485176 kB
MemAvailable:    1554728 kB
Buffers:           24256 kB
Cached:           175888 kB
MemTotal:        1844596 kB
MemFree:         1484432 kB
MemAvailable:    1553984 kB
Buffers:           24256 kB
Cached:           175888 kB
MemTotal:        1844596 kB
MemFree:         1485164 kB
MemAvailable:    1554716 kB
Buffers:           24256 kB
Cached:           175888 kB
MemTotal:        1844596 kB
MemFree:         1485092 kB
MemAvailable:    1554644 kB
Buffers:           24256 kB
Cached:           175888 kB
MemTotal:        1844596 kB
MemFree:         1485032 kB
MemAvailable:    1554584 kB
Buffers:           24256 kB
Cached:           175888 kB
MemTotal:        1844596 kB
MemFree:         1485216 kB
MemAvailable:    1554768 kB
Buffers:           24256 kB
Cached:           175888 kB
MemTotal:        1844596 kB
MemFree:         1482928 kB
MemAvailable:    1552480 kB
Buffers:           24256 kB
Cached:           175888 kB
MemTotal:        1844596 kB
MemFree:         1483012 kB
MemAvailable:    1552564 kB
Buffers:           24256 kB
Cached:           175888 kB
MemTotal:        1844596 kB
MemFree:         1480524 kB
MemAvailable:    1550076 kB
Buffers:           24256 kB
Cached:           175888 kB
MemTotal:        1844596 kB
MemFree:         1477604 kB
MemAvailable:    1547156 kB
Buffers:           24256 kB
Cached:           175888 kB
MemTotal:        1844596 kB
MemFree:         1477860 kB
MemAvailable:    1547412 kB
Buffers:           24256 kB
Cached:           175888 kB
MemTotal:        1844596 kB
MemFree:         1477232 kB
MemAvailable:    1546784 kB
Buffers:           24256 kB
Cached:           175888 kB
MemTotal:        1844596 kB
MemFree:         1477232 kB
MemAvailable:    1546784 kB
Buffers:           24256 kB
Cached:           175888 kB
MemTotal:        1844596 kB
MemFree:         1477288 kB
MemAvailable:    1546840 kB
Buffers:           24256 kB
Cached:           175888 kB
MemTotal:        1844596 kB
MemFree:         1476124 kB
MemAvailable:    1545676 kB
Buffers:           24256 kB
Cached:           175888 kB
MemTotal:        1844596 kB
MemFree:         1477180 kB
MemAvailable:    1546732 kB
Buffers:           24256 kB
Cached:           175888 kB
MemTotal:        1844596 kB
MemFree:         1477372 kB
MemAvailable:    1546924 kB
Buffers:           24256 kB
Cached:           175888 kB
MemTotal:        1844596 kB
MemFree:         1477284 kB
MemAvailable:    1546836 kB
Buffers:           24256 kB
Cached:           175888 kB
MemTotal:        1844596 kB
MemFree:         1476976 kB
MemAvailable:    1546528 kB
Buffers:           24256 kB
Cached:           175888 kB
MemTotal:        1844596 kB
MemFree:         1475828 kB
MemAvailable:    1545380 kB
Buffers:           24256 kB
Cached:           175888 kB
MemTotal:        1844596 kB
MemFree:         1477176 kB
MemAvailable:    1546728 kB
Buffers:           24256 kB
Cached:           175888 kB
MemTotal:        1844596 kB
MemFree:         1476496 kB
MemAvailable:    1546048 kB
Buffers:           24256 kB
Cached:           175888 kB
MemTotal:        1844596 kB
MemFree:         1477228 kB
MemAvailable:    1546780 kB
Buffers:           24256 kB
Cached:           175888 kB
MemTotal:        1844596 kB
MemFree:         1476868 kB
MemAvailable:    1546420 kB
Buffers:           24256 kB
Cached:           175888 kB
MemTotal:        1844596 kB
MemFree:         1477288 kB
MemAvailable:    1546840 kB
Buffers:           24256 kB
Cached:           175888 kB
MemTotal:        1844596 kB
MemFree:         1477240 kB
MemAvailable:    1546792 kB
Buffers:           24256 kB
Cached:           175888 kB
MemTotal:        1844596 kB
MemFree:         1477396 kB
MemAvailable:    1546948 kB
Buffers:           24256 kB
Cached:           175888 kB
MemTotal:        1844596 kB
MemFree:         1477144 kB
MemAvailable:    1546696 kB
Buffers:           24256 kB
Cached:           175888 kB
MemTotal:        1844596 kB
MemFree:         1476804 kB
MemAvailable:    1546356 kB
Buffers:           24256 kB
Cached:           175888 kB
MemTotal:        1844596 kB
MemFree:         1476736 kB
MemAvailable:    1546288 kB
Buffers:           24256 kB
Cached:           175888 kB
MemTotal:        1844596 kB
MemFree:         1476504 kB
MemAvailable:    1546056 kB
Buffers:           24256 kB
Cached:           175888 kB
MemTotal:        1844596 kB
MemFree:         1476100 kB
MemAvailable:    1545652 kB
Buffers:           24256 kB
Cached:           175888 kB
MemTotal:        1844596 kB
MemFree:         1476236 kB
MemAvailable:    1545788 kB
Buffers:           24256 kB
Cached:           175888 kB
MemTotal:        1844596 kB
MemFree:         1475620 kB
MemAvailable:    1545172 kB
Buffers:           24256 kB
Cached:           175888 kB
MemTotal:        1844596 kB
MemFree:         1475620 kB
MemAvailable:    1545172 kB
Buffers:           24256 kB
Cached:           175888 kB
MemTotal:        1844596 kB
MemFree:         1475316 kB
MemAvailable:    1544868 kB
Buffers:           24256 kB
Cached:           175888 kB
MemTotal:        1844596 kB
MemFree:         1475316 kB
MemAvailable:    1544868 kB
Buffers:           24256 kB
Cached:           175888 kB
MemTotal:        1844596 kB
MemFree:         1473272 kB
MemAvailable:    1542824 kB
Buffers:           24256 kB
Cached:           175888 kB
MemTotal:        1844596 kB
MemFree:         1474512 kB
MemAvailable:    1544064 kB
Buffers:           24256 kB
Cached:           175888 kB
MemTotal:        1844596 kB
MemFree:         1473272 kB
MemAvailable:    1542824 kB
Buffers:           24256 kB
Cached:           175888 kB
MemTotal:        1844596 kB
MemFree:         1472644 kB
MemAvailable:    1542200 kB
Buffers:           24256 kB
Cached:           175892 kB
MemTotal:        1844596 kB
MemFree:         1473828 kB
MemAvailable:    1543384 kB
Buffers:           24256 kB
Cached:           175892 kB
MemTotal:        1844596 kB
MemFree:         1472644 kB
MemAvailable:    1542200 kB
Buffers:           24256 kB
Cached:           175892 kB
MemTotal:        1844596 kB
MemFree:         1473456 kB
MemAvailable:    1543012 kB
Buffers:           24256 kB
Cached:           175892 kB
MemTotal:        1844596 kB
MemFree:         1473124 kB
MemAvailable:    1542680 kB
Buffers:           24256 kB
Cached:           175892 kB
MemTotal:        1844596 kB
MemFree:         1473292 kB
MemAvailable:    1542848 kB
Buffers:           24256 kB
Cached:           175892 kB
MemTotal:        1844596 kB
MemFree:         1473240 kB
MemAvailable:    1542800 kB
Buffers:           24256 kB
Cached:           175896 kB
MemTotal:        1844596 kB
MemFree:         1473092 kB
MemAvailable:    1542652 kB
Buffers:           24256 kB
Cached:           175896 kB
MemTotal:        1844596 kB
MemFree:         1473192 kB
MemAvailable:    1542752 kB
Buffers:           24256 kB
Cached:           175896 kB
MemTotal:        1844596 kB
MemFree:         1473192 kB
MemAvailable:    1542752 kB
Buffers:           24256 kB
Cached:           175896 kB
MemTotal:        1844596 kB
MemFree:         1473416 kB
MemAvailable:    1542980 kB
Buffers:           24256 kB
Cached:           175900 kB
MemTotal:        1844596 kB
MemFree:         1471984 kB
MemAvailable:    1541548 kB
Buffers:           24256 kB
Cached:           175900 kB
MemTotal:        1844596 kB
MemFree:         1473284 kB
MemAvailable:    1542848 kB
Buffers:           24256 kB
Cached:           175900 kB
MemTotal:        1844596 kB
MemFree:         1472404 kB
MemAvailable:    1541968 kB
Buffers:           24256 kB
Cached:           175900 kB
MemTotal:        1844596 kB
MemFree:         1473084 kB
MemAvailable:    1542648 kB
Buffers:           24256 kB
Cached:           175900 kB
MemTotal:        1844596 kB
MemFree:         1471784 kB
MemAvailable:    1541348 kB
Buffers:           24256 kB
Cached:           175900 kB
MemTotal:        1844596 kB
MemFree:         1472532 kB
MemAvailable:    1542096 kB
Buffers:           24256 kB
Cached:           175900 kB
MemTotal:        1844596 kB
MemFree:         1465700 kB
MemAvailable:    1535264 kB
Buffers:           24256 kB
Cached:           175900 kB
MemTotal:        1844596 kB
MemFree:         1465956 kB
MemAvailable:    1535520 kB
Buffers:           24256 kB
Cached:           175900 kB
MemTotal:        1844596 kB
MemFree:         1464452 kB
MemAvailable:    1534016 kB
Buffers:           24256 kB
Cached:           175900 kB
MemTotal:        1844596 kB
MemFree:         1465644 kB
MemAvailable:    1535208 kB
Buffers:           24256 kB
Cached:           175900 kB
MemTotal:        1844596 kB
MemFree:         1464336 kB
MemAvailable:    1533900 kB
Buffers:           24256 kB
Cached:           175900 kB
MemTotal:        1844596 kB
MemFree:         1465444 kB
MemAvailable:    1535008 kB
Buffers:           24256 kB
Cached:           175900 kB
MemTotal:        1844596 kB
MemFree:         1465444 kB
MemAvailable:    1535008 kB
Buffers:           24256 kB
Cached:           175900 kB
MemTotal:        1844596 kB
MemFree:         1463908 kB
MemAvailable:    1533472 kB
Buffers:           24256 kB
Cached:           175900 kB
MemTotal:        1844596 kB
MemFree:         1465348 kB
MemAvailable:    1534912 kB
Buffers:           24256 kB
Cached:           175900 kB
MemTotal:        1844596 kB
MemFree:         1463956 kB
MemAvailable:    1533520 kB
Buffers:           24256 kB
Cached:           175900 kB
MemTotal:        1844596 kB
MemFree:         1463352 kB
MemAvailable:    1532916 kB
Buffers:           24256 kB
Cached:           175900 kB
MemTotal:        1844596 kB
MemFree:         1463728 kB
MemAvailable:    1533292 kB
Buffers:           24256 kB
Cached:           175900 kB
MemTotal:        1844596 kB
MemFree:         1463592 kB
MemAvailable:    1533156 kB
Buffers:           24256 kB
Cached:           175900 kB
MemTotal:        1844596 kB
MemFree:         1462164 kB
MemAvailable:    1531728 kB
Buffers:           24256 kB
Cached:           175900 kB
MemTotal:        1844596 kB
MemFree:         1462848 kB
MemAvailable:    1532412 kB
Buffers:           24256 kB
Cached:           175900 kB
MemTotal:        1844596 kB
MemFree:         1462492 kB
MemAvailable:    1532056 kB
Buffers:           24256 kB
Cached:           175900 kB
MemTotal:        1844596 kB
MemFree:         1462336 kB
MemAvailable:    1531900 kB
Buffers:           24256 kB
Cached:           175900 kB
MemTotal:        1844596 kB
MemFree:         1462672 kB
MemAvailable:    1532236 kB
Buffers:           24256 kB
Cached:           175900 kB
MemTotal:        1844596 kB
MemFree:         1462288 kB
MemAvailable:    1531852 kB
Buffers:           24256 kB
Cached:           175900 kB
MemTotal:        1844596 kB
MemFree:         1462540 kB
MemAvailable:    1532104 kB
Buffers:           24256 kB
Cached:           175900 kB
MemTotal:        1844596 kB
MemFree:         1462320 kB
MemAvailable:    1531884 kB
Buffers:           24256 kB
Cached:           175900 kB
MemTotal:        1844596 kB
MemFree:         1462656 kB
MemAvailable:    1532220 kB
Buffers:           24256 kB
Cached:           175900 kB
MemTotal:        1844596 kB
MemFree:         1461420 kB
MemAvailable:    1530984 kB
Buffers:           24256 kB
Cached:           175900 kB
MemTotal:        1844596 kB
MemFree:         1462620 kB
MemAvailable:    1532184 kB
Buffers:           24256 kB
Cached:           175900 kB
MemTotal:        1844596 kB
MemFree:         1461420 kB
MemAvailable:    1530984 kB
Buffers:           24256 kB
Cached:           175900 kB
MemTotal:        1844596 kB
MemFree:         1462520 kB
MemAvailable:    1532084 kB
Buffers:           24256 kB
Cached:           175900 kB
MemTotal:        1844596 kB
MemFree:         1462520 kB
MemAvailable:    1532084 kB
Buffers:           24256 kB
Cached:           175900 kB
MemTotal:        1844596 kB
MemFree:         1462488 kB
MemAvailable:    1532052 kB
Buffers:           24256 kB
Cached:           175900 kB
MemTotal:        1844596 kB
MemFree:         1461492 kB
MemAvailable:    1531056 kB
Buffers:           24256 kB
Cached:           175900 kB
MemTotal:        1844596 kB
MemFree:         1461360 kB
MemAvailable:    1530928 kB
Buffers:           24256 kB
Cached:           175904 kB
MemTotal:        1844596 kB
MemFree:         1462476 kB
MemAvailable:    1532044 kB
Buffers:           24256 kB
Cached:           175904 kB
MemTotal:        1844596 kB
MemFree:         1462244 kB
MemAvailable:    1531812 kB
Buffers:           24256 kB
Cached:           175904 kB
MemTotal:        1844596 kB
MemFree:         1462352 kB
MemAvailable:    1531920 kB
Buffers:           24256 kB
Cached:           175904 kB
MemTotal:        1844596 kB
MemFree:         1462352 kB
MemAvailable:    1531920 kB
Buffers:           24256 kB
Cached:           175904 kB
MemTotal:        1844596 kB
MemFree:         1462420 kB
MemAvailable:    1531988 kB
Buffers:           24256 kB
Cached:           175904 kB
MemTotal:        1844596 kB
MemFree:         1462484 kB
MemAvailable:    1532052 kB
Buffers:           24256 kB
Cached:           175904 kB
MemTotal:        1844596 kB
MemFree:         1461616 kB
MemAvailable:    1531184 kB
Buffers:           24256 kB
Cached:           175904 kB
MemTotal:        1844596 kB
MemFree:         1462792 kB
MemAvailable:    1532360 kB
Buffers:           24256 kB
Cached:           175904 kB
MemTotal:        1844596 kB
MemFree:         1461864 kB
MemAvailable:    1531432 kB
Buffers:           24256 kB
Cached:           175904 kB
MemTotal:        1844596 kB
MemFree:         1462492 kB
MemAvailable:    1532060 kB
Buffers:           24256 kB
Cached:           175904 kB
MemTotal:        1844596 kB
MemFree:         1460972 kB
MemAvailable:    1530540 kB
Buffers:           24256 kB
Cached:           175904 kB
MemTotal:        1844596 kB
MemFree:         1461096 kB
MemAvailable:    1530664 kB
Buffers:           24256 kB
Cached:           175904 kB
MemTotal:        1844596 kB
MemFree:         1462336 kB
MemAvailable:    1531904 kB
Buffers:           24256 kB
Cached:           175904 kB
MemTotal:        1844596 kB
MemFree:         1462272 kB
MemAvailable:    1531840 kB
Buffers:           24256 kB
Cached:           175904 kB
MemTotal:        1844596 kB
MemFree:         1462396 kB
MemAvailable:    1531964 kB
Buffers:           24256 kB
Cached:           175904 kB
MemTotal:        1844596 kB
MemFree:         1461616 kB
MemAvailable:    1531184 kB
Buffers:           24256 kB
Cached:           175904 kB
MemTotal:        1844596 kB
MemFree:         1462216 kB
MemAvailable:    1531784 kB
Buffers:           24256 kB
Cached:           175904 kB
MemTotal:        1844596 kB
MemFree:         1461852 kB
MemAvailable:    1531420 kB
Buffers:           24256 kB
Cached:           175904 kB
MemTotal:        1844596 kB
MemFree:         1462236 kB
MemAvailable:    1531804 kB
Buffers:           24256 kB
Cached:           175904 kB
MemTotal:        1844596 kB
MemFree:         1462420 kB
MemAvailable:    1531988 kB
Buffers:           24256 kB
Cached:           175904 kB
MemTotal:        1844596 kB
MemFree:         1461616 kB
MemAvailable:    1531184 kB
Buffers:           24256 kB
Cached:           175904 kB
MemTotal:        1844596 kB
MemFree:         1458816 kB
MemAvailable:    1528384 kB
Buffers:           24256 kB
Cached:           175904 kB
MemTotal:        1844596 kB
MemFree:         1458360 kB
MemAvailable:    1527928 kB
Buffers:           24256 kB
Cached:           175904 kB
MemTotal:        1844596 kB
MemFree:         1458696 kB
MemAvailable:    1528264 kB
Buffers:           24256 kB
Cached:           175904 kB
MemTotal:        1844596 kB
MemFree:         1457244 kB
MemAvailable:    1526812 kB
Buffers:           24256 kB
Cached:           175904 kB
MemTotal:        1844596 kB
MemFree:         1458552 kB
MemAvailable:    1528120 kB
Buffers:           24256 kB
Cached:           175904 kB
MemTotal:        1844596 kB
MemFree:         1457276 kB
MemAvailable:    1526844 kB
Buffers:           24256 kB
Cached:           175904 kB
MemTotal:        1844596 kB
MemFree:         1458024 kB
MemAvailable:    1527592 kB
Buffers:           24256 kB
Cached:           175904 kB
MemTotal:        1844596 kB
MemFree:         1458024 kB
MemAvailable:    1527592 kB
Buffers:           24256 kB
Cached:           175904 kB
MemTotal:        1844596 kB
MemFree:         1456656 kB
MemAvailable:    1526224 kB
Buffers:           24256 kB
Cached:           175904 kB
MemTotal:        1844596 kB
MemFree:         1457528 kB
MemAvailable:    1527096 kB
Buffers:           24256 kB
Cached:           175904 kB
MemTotal:        1844596 kB
MemFree:         1457336 kB
MemAvailable:    1526904 kB
Buffers:           24256 kB
Cached:           175904 kB
MemTotal:        1844596 kB
MemFree:         1456088 kB
MemAvailable:    1525656 kB
Buffers:           24256 kB
Cached:           175904 kB
MemTotal:        1844596 kB
MemFree:         1457088 kB
MemAvailable:    1526656 kB
Buffers:           24256 kB
Cached:           175904 kB
MemTotal:        1844596 kB
MemFree:         1456840 kB
MemAvailable:    1526408 kB
Buffers:           24256 kB
Cached:           175904 kB
MemTotal:        1844596 kB
MemFree:         1455540 kB
MemAvailable:    1525108 kB
Buffers:           24256 kB
Cached:           175904 kB
MemTotal:        1844596 kB
MemFree:         1456648 kB
MemAvailable:    1526220 kB
Buffers:           24256 kB
Cached:           175908 kB
MemTotal:        1844596 kB
MemFree:         1456904 kB
MemAvailable:    1526476 kB
Buffers:           24256 kB
Cached:           175908 kB
MemTotal:        1844596 kB
MemFree:         1456708 kB
MemAvailable:    1526280 kB
Buffers:           24256 kB
Cached:           175908 kB
MemTotal:        1844596 kB
MemFree:         1455416 kB
MemAvailable:    1524988 kB
Buffers:           24256 kB
Cached:           175908 kB
MemTotal:        1844596 kB
MemFree:         1456352 kB
MemAvailable:    1525924 kB
Buffers:           24256 kB
Cached:           175908 kB
MemTotal:        1844596 kB
MemFree:         1456704 kB
MemAvailable:    1526276 kB
Buffers:           24256 kB
Cached:           175908 kB
MemTotal:        1844596 kB
MemFree:         1455664 kB
MemAvailable:    1525236 kB
Buffers:           24256 kB
Cached:           175908 kB
MemTotal:        1844596 kB
MemFree:         1456520 kB
MemAvailable:    1526092 kB
Buffers:           24256 kB
Cached:           175908 kB
MemTotal:        1844596 kB
MemFree:         1455788 kB
MemAvailable:    1525360 kB
Buffers:           24256 kB
Cached:           175908 kB
MemTotal:        1844596 kB
MemFree:         1456896 kB
MemAvailable:    1526468 kB
Buffers:           24256 kB
Cached:           175908 kB
MemTotal:        1844596 kB
MemFree:         1457152 kB
MemAvailable:    1526724 kB
Buffers:           24256 kB
Cached:           175908 kB
MemTotal:        1844596 kB
MemFree:         1456764 kB
MemAvailable:    1526336 kB
Buffers:           24256 kB
Cached:           175908 kB
MemTotal:        1844596 kB
MemFree:         1456764 kB
MemAvailable:    1526336 kB
Buffers:           24256 kB
Cached:           175908 kB
MemTotal:        1844596 kB
MemFree:         1461104 kB
MemAvailable:    1530676 kB
Buffers:           24256 kB
Cached:           175908 kB
MemTotal:        1844596 kB
MemFree:         1460444 kB
MemAvailable:    1530016 kB
Buffers:           24256 kB
Cached:           175908 kB
MemTotal:        1844596 kB
MemFree:         1457896 kB
MemAvailable:    1527468 kB
Buffers:           24256 kB
Cached:           175908 kB
MemTotal:        1844596 kB
MemFree:         1458268 kB
MemAvailable:    1527840 kB
Buffers:           24256 kB
Cached:           175908 kB
MemTotal:        1844596 kB
MemFree:         1458072 kB
MemAvailable:    1527644 kB
Buffers:           24256 kB
Cached:           175908 kB
MemTotal:        1844596 kB
MemFree:         1458272 kB
MemAvailable:    1527844 kB
Buffers:           24256 kB
Cached:           175908 kB
MemTotal:        1844596 kB
MemFree:         1458268 kB
MemAvailable:    1527840 kB
Buffers:           24256 kB
Cached:           175908 kB
MemTotal:        1844596 kB
MemFree:         1457648 kB
MemAvailable:    1527220 kB
Buffers:           24256 kB
Cached:           175908 kB
MemTotal:        1844596 kB
MemFree:         1457008 kB
MemAvailable:    1526580 kB
Buffers:           24256 kB
Cached:           175908 kB
MemTotal:        1844596 kB
MemFree:         1457016 kB
MemAvailable:    1526588 kB
Buffers:           24256 kB
Cached:           175908 kB
MemTotal:        1844596 kB
MemFree:         1458080 kB
MemAvailable:    1527652 kB
Buffers:           24256 kB
Cached:           175908 kB
MemTotal:        1844596 kB
MemFree:         1457492 kB
MemAvailable:    1527064 kB
Buffers:           24256 kB
Cached:           175908 kB
MemTotal:        1844596 kB
MemFree:         1457828 kB
MemAvailable:    1527400 kB
Buffers:           24256 kB
Cached:           175908 kB
MemTotal:        1844596 kB
MemFree:         1457276 kB
MemAvailable:    1526848 kB
Buffers:           24256 kB
Cached:           175908 kB
MemTotal:        1844596 kB
MemFree:         1456896 kB
MemAvailable:    1526468 kB
Buffers:           24256 kB
Cached:           175908 kB
MemTotal:        1844596 kB
MemFree:         1457152 kB
MemAvailable:    1526724 kB
Buffers:           24256 kB
Cached:           175908 kB
MemTotal:        1844596 kB
MemFree:         1456764 kB
MemAvailable:    1526336 kB
Buffers:           24256 kB
Cached:           175908 kB
MemTotal:        1844596 kB
MemFree:         1457020 kB
MemAvailable:    1526592 kB
Buffers:           24256 kB
Cached:           175908 kB
MemTotal:        1844596 kB
MemFree:         1455516 kB
MemAvailable:    1525088 kB
Buffers:           24256 kB
Cached:           175908 kB
MemTotal:        1844596 kB
MemFree:         1455772 kB
MemAvailable:    1525344 kB
Buffers:           24256 kB
Cached:           175908 kB
MemTotal:        1844596 kB
MemFree:         1456756 kB
MemAvailable:    1526328 kB
Buffers:           24256 kB
Cached:           175908 kB
MemTotal:        1844596 kB
MemFree:         1456756 kB
MemAvailable:    1526328 kB
Buffers:           24256 kB
Cached:           175908 kB
MemTotal:        1844596 kB
MemFree:         1456696 kB
MemAvailable:    1526268 kB
Buffers:           24256 kB
Cached:           175908 kB
MemTotal:        1844596 kB
MemFree:         1456864 kB
MemAvailable:    1526436 kB
Buffers:           24256 kB
Cached:           175908 kB
MemTotal:        1844596 kB
MemFree:         1456744 kB
MemAvailable:    1526316 kB
Buffers:           24256 kB
Cached:           175908 kB
MemTotal:        1844596 kB
MemFree:         1456532 kB
MemAvailable:    1526104 kB
Buffers:           24256 kB
Cached:           175908 kB
MemTotal:        1844596 kB
MemFree:         1456760 kB
MemAvailable:    1526332 kB
Buffers:           24256 kB
Cached:           175908 kB
MemTotal:        1844596 kB
MemFree:         1456664 kB
MemAvailable:    1526236 kB
Buffers:           24256 kB
Cached:           175908 kB
MemTotal:        1844596 kB
MemFree:         1456668 kB
MemAvailable:    1526240 kB
Buffers:           24256 kB
Cached:           175908 kB
MemTotal:        1844596 kB
MemFree:         1456352 kB
MemAvailable:    1525924 kB
Buffers:           24256 kB
Cached:           175908 kB
MemTotal:        1844596 kB
MemFree:         1455656 kB
MemAvailable:    1525228 kB
Buffers:           24256 kB
Cached:           175908 kB
MemTotal:        1844596 kB
MemFree:         1455664 kB
MemAvailable:    1525236 kB
Buffers:           24256 kB
Cached:           175908 kB
MemTotal:        1844596 kB
MemFree:         1456592 kB
MemAvailable:    1526164 kB
Buffers:           24256 kB
Cached:           175908 kB
MemTotal:        1844596 kB
MemFree:         1455912 kB
MemAvailable:    1525484 kB
Buffers:           24256 kB
Cached:           175908 kB
MemTotal:        1844596 kB
MemFree:         1456132 kB
MemAvailable:    1525704 kB
Buffers:           24256 kB
Cached:           175908 kB
MemTotal:        1844596 kB
MemFree:         1456132 kB
MemAvailable:    1525704 kB
Buffers:           24256 kB
Cached:           175908 kB
MemTotal:        1844596 kB
MemFree:         1456272 kB
MemAvailable:    1525844 kB
Buffers:           24256 kB
Cached:           175908 kB
MemTotal:        1844596 kB
MemFree:         1455416 kB
MemAvailable:    1524988 kB
Buffers:           24256 kB
Cached:           175908 kB
MemTotal:        1844596 kB
MemFree:         1456092 kB
MemAvailable:    1525664 kB
Buffers:           24256 kB
Cached:           175908 kB
MemTotal:        1844596 kB
MemFree:         1456092 kB
MemAvailable:    1525664 kB
Buffers:           24256 kB
Cached:           175908 kB
MemTotal:        1844596 kB
MemFree:         1456132 kB
MemAvailable:    1525704 kB
Buffers:           24256 kB
Cached:           175908 kB
MemTotal:        1844596 kB
MemFree:         1456468 kB
MemAvailable:    1526040 kB
Buffers:           24256 kB
Cached:           175908 kB
MemTotal:        1844596 kB
MemFree:         1456084 kB
MemAvailable:    1525656 kB
Buffers:           24256 kB
Cached:           175908 kB
MemTotal:        1844596 kB
MemFree:         1455604 kB
MemAvailable:    1525176 kB
Buffers:           24256 kB
Cached:           175908 kB
MemTotal:        1844596 kB
MemFree:         1454840 kB
MemAvailable:    1524412 kB
Buffers:           24256 kB
Cached:           175908 kB
MemTotal:        1844596 kB
MemFree:         1454972 kB
MemAvailable:    1524544 kB
Buffers:           24256 kB
Cached:           175908 kB
MemTotal:        1844596 kB
MemFree:         1456456 kB
MemAvailable:    1526028 kB
Buffers:           24256 kB
Cached:           175908 kB
MemTotal:        1844596 kB
MemFree:         1456284 kB
MemAvailable:    1525856 kB
Buffers:           24256 kB
Cached:           175908 kB
MemTotal:        1844596 kB
MemFree:         1455540 kB
MemAvailable:    1525112 kB
Buffers:           24256 kB
Cached:           175908 kB
MemTotal:        1844596 kB
MemFree:         1456272 kB
MemAvailable:    1525844 kB
Buffers:           24256 kB
Cached:           175908 kB
MemTotal:        1844596 kB
MemFree:         1462048 kB
MemAvailable:    1531620 kB
Buffers:           24256 kB
Cached:           175908 kB
MemTotal:        1844596 kB
MemFree:         1458508 kB
MemAvailable:    1528080 kB
Buffers:           24256 kB
Cached:           175908 kB
MemTotal:        1844596 kB
MemFree:         1458508 kB
MemAvailable:    1528080 kB
Buffers:           24256 kB
Cached:           175908 kB
MemTotal:        1844596 kB
MemFree:         1458220 kB
MemAvailable:    1527792 kB
Buffers:           24256 kB
Cached:           175908 kB
MemTotal:        1844596 kB
MemFree:         1458316 kB
MemAvailable:    1527888 kB
Buffers:           24256 kB
Cached:           175908 kB
MemTotal:        1844596 kB
MemFree:         1456952 kB
MemAvailable:    1526524 kB
Buffers:           24256 kB
Cached:           175908 kB
MemTotal:        1844596 kB
MemFree:         1456832 kB
MemAvailable:    1526404 kB
Buffers:           24256 kB
Cached:           175908 kB
MemTotal:        1844596 kB
MemFree:         1457948 kB
MemAvailable:    1527520 kB
Buffers:           24256 kB
Cached:           175908 kB
MemTotal:        1844596 kB
MemFree:         1458128 kB
MemAvailable:    1527700 kB
Buffers:           24256 kB
Cached:           175908 kB
MemTotal:        1844596 kB
MemFree:         1458080 kB
MemAvailable:    1527652 kB
Buffers:           24256 kB
Cached:           175908 kB
MemTotal:        1844596 kB
MemFree:         1457888 kB
MemAvailable:    1527460 kB
Buffers:           24256 kB
Cached:           175908 kB
MemTotal:        1844596 kB
MemFree:         1457708 kB
MemAvailable:    1527280 kB
Buffers:           24256 kB
Cached:           175908 kB
MemTotal:        1844596 kB
MemFree:         1457268 kB
MemAvailable:    1526840 kB
Buffers:           24256 kB
Cached:           175908 kB
MemTotal:        1844596 kB
MemFree:         1457524 kB
MemAvailable:    1527096 kB
Buffers:           24256 kB
Cached:           175908 kB
MemTotal:        1844596 kB
MemFree:         1455640 kB
MemAvailable:    1525212 kB
Buffers:           24256 kB
Cached:           175908 kB
MemTotal:        1844596 kB
MemFree:         1455352 kB
MemAvailable:    1524924 kB
Buffers:           24256 kB
Cached:           175908 kB
MemTotal:        1844596 kB
MemFree:         1456652 kB
MemAvailable:    1526224 kB
Buffers:           24256 kB
Cached:           175908 kB
MemTotal:        1844596 kB
MemFree:         1455540 kB
MemAvailable:    1525112 kB
Buffers:           24256 kB
Cached:           175908 kB
MemTotal:        1844596 kB
MemFree:         1456380 kB
MemAvailable:    1525952 kB
Buffers:           24256 kB
Cached:           175908 kB
MemTotal:        1844596 kB
MemFree:         1456716 kB
MemAvailable:    1526288 kB
Buffers:           24256 kB
Cached:           175908 kB
MemTotal:        1844596 kB
MemFree:         1456532 kB
MemAvailable:    1526104 kB
Buffers:           24256 kB
Cached:           175908 kB
MemTotal:        1844596 kB
MemFree:         1455224 kB
MemAvailable:    1524796 kB
Buffers:           24256 kB
Cached:           175908 kB
MemTotal:        1844596 kB
MemFree:         1455392 kB
MemAvailable:    1524964 kB
Buffers:           24256 kB
Cached:           175908 kB
MemTotal:        1844596 kB
MemFree:         1456320 kB
MemAvailable:    1525892 kB
Buffers:           24256 kB
Cached:           175908 kB
MemTotal:        1844596 kB
MemFree:         1456656 kB
MemAvailable:    1526228 kB
Buffers:           24256 kB
Cached:           175908 kB
MemTotal:        1844596 kB
MemFree:         1455212 kB
MemAvailable:    1524784 kB
Buffers:           24256 kB
Cached:           175908 kB
MemTotal:        1844596 kB
MemFree:         1455168 kB
MemAvailable:    1524740 kB
Buffers:           24256 kB
Cached:           175908 kB
MemTotal:        1844596 kB
MemFree:         1455292 kB
MemAvailable:    1524864 kB
Buffers:           24256 kB
Cached:           175908 kB
MemTotal:        1844596 kB
MemFree:         1455292 kB
MemAvailable:    1524864 kB
Buffers:           24256 kB
Cached:           175908 kB
MemTotal:        1844596 kB
MemFree:         1455300 kB
MemAvailable:    1524884 kB
Buffers:           24256 kB
Cached:           175920 kB
MemTotal:        1844596 kB
MemFree:         1455616 kB
MemAvailable:    1525200 kB
Buffers:           24256 kB
Cached:           175920 kB
MemTotal:        1844596 kB
MemFree:         1456576 kB
MemAvailable:    1526160 kB
Buffers:           24256 kB
Cached:           175920 kB
MemTotal:        1844596 kB
MemFree:         1456408 kB
MemAvailable:    1525992 kB
Buffers:           24256 kB
Cached:           175920 kB
MemTotal:        1844596 kB
MemFree:         1456408 kB
MemAvailable:    1525992 kB
Buffers:           24256 kB
Cached:           175920 kB
MemTotal:        1844596 kB
MemFree:         1456724 kB
MemAvailable:    1526308 kB
Buffers:           24256 kB
Cached:           175920 kB
MemTotal:        1844596 kB
MemFree:         1455120 kB
MemAvailable:    1524704 kB
Buffers:           24256 kB
Cached:           175920 kB
MemTotal:        1844596 kB
MemFree:         1455280 kB
MemAvailable:    1524864 kB
Buffers:           24256 kB
Cached:           175920 kB
MemTotal:        1844596 kB
MemFree:         1456036 kB
MemAvailable:    1525620 kB
Buffers:           24256 kB
Cached:           175920 kB
MemTotal:        1844596 kB
MemFree:         1456580 kB
MemAvailable:    1526164 kB
Buffers:           24256 kB
Cached:           175920 kB
MemTotal:        1844596 kB
MemFree:         1456408 kB
MemAvailable:    1525992 kB
Buffers:           24256 kB
Cached:           175920 kB
MemTotal:        1844596 kB
MemFree:         1456492 kB
MemAvailable:    1526076 kB
Buffers:           24256 kB
Cached:           175920 kB
MemTotal:        1844596 kB
MemFree:         1455244 kB
MemAvailable:    1524828 kB
Buffers:           24256 kB
Cached:           175920 kB
MemTotal:        1844596 kB
MemFree:         1455376 kB
MemAvailable:    1524960 kB
Buffers:           24256 kB
Cached:           175920 kB
MemTotal:        1844596 kB
MemFree:         1455376 kB
MemAvailable:    1524960 kB
Buffers:           24256 kB
Cached:           175920 kB
MemTotal:        1844596 kB
MemFree:         1456700 kB
MemAvailable:    1526284 kB
Buffers:           24256 kB
Cached:           175920 kB
MemTotal:        1844596 kB
MemFree:         1456592 kB
MemAvailable:    1526176 kB
Buffers:           24256 kB
Cached:           175920 kB
MemTotal:        1844596 kB
MemFree:         1455672 kB
MemAvailable:    1525256 kB
Buffers:           24256 kB
Cached:           175920 kB
MemTotal:        1844596 kB
MemFree:         1456672 kB
MemAvailable:    1526256 kB
Buffers:           24256 kB
Cached:           175920 kB
MemTotal:        1844596 kB
MemFree:         1454996 kB
MemAvailable:    1524580 kB
Buffers:           24256 kB
Cached:           175920 kB
MemTotal:        1844596 kB
MemFree:         1456976 kB
MemAvailable:    1526560 kB
Buffers:           24256 kB
Cached:           175920 kB
MemTotal:        1844596 kB
MemFree:         1456384 kB
MemAvailable:    1525968 kB
Buffers:           24256 kB
Cached:           175920 kB
MemTotal:        1844596 kB
MemFree:         1456720 kB
MemAvailable:    1526304 kB
Buffers:           24256 kB
Cached:           175920 kB
MemTotal:        1844596 kB
MemFree:         1455276 kB
MemAvailable:    1524860 kB
Buffers:           24256 kB
Cached:           175920 kB
MemTotal:        1844596 kB
MemFree:         1455148 kB
MemAvailable:    1524732 kB
Buffers:           24256 kB
Cached:           175920 kB
MemTotal:        1844596 kB
MemFree:         1456532 kB
MemAvailable:    1526116 kB
Buffers:           24256 kB
Cached:           175920 kB
MemTotal:        1844596 kB
MemFree:         1456376 kB
MemAvailable:    1525960 kB
Buffers:           24256 kB
Cached:           175920 kB
MemTotal:        1844596 kB
MemFree:         1455724 kB
MemAvailable:    1525308 kB
Buffers:           24256 kB
Cached:           175920 kB
MemTotal:        1844596 kB
MemFree:         1455036 kB
MemAvailable:    1524620 kB
Buffers:           24256 kB
Cached:           175920 kB
MemTotal:        1844596 kB
MemFree:         1456340 kB
MemAvailable:    1525924 kB
Buffers:           24256 kB
Cached:           175920 kB
MemTotal:        1844596 kB
MemFree:         1456292 kB
MemAvailable:    1525876 kB
Buffers:           24256 kB
Cached:           175920 kB
MemTotal:        1844596 kB
MemFree:         1454860 kB
MemAvailable:    1524444 kB
Buffers:           24256 kB
Cached:           175920 kB
MemTotal:        1844596 kB
MemFree:         1455368 kB
MemAvailable:    1524952 kB
Buffers:           24256 kB
Cached:           175920 kB
MemTotal:        1844596 kB
MemFree:         1456328 kB
MemAvailable:    1525912 kB
Buffers:           24256 kB
Cached:           175920 kB
MemTotal:        1844596 kB
MemFree:         1456120 kB
MemAvailable:    1525704 kB
Buffers:           24256 kB
Cached:           175920 kB
MemTotal:        1844596 kB
MemFree:         1456344 kB
MemAvailable:    1525928 kB
Buffers:           24256 kB
Cached:           175920 kB
MemTotal:        1844596 kB
MemFree:         1456180 kB
MemAvailable:    1525764 kB
Buffers:           24256 kB
Cached:           175920 kB
MemTotal:        1844596 kB
MemFree:         1456416 kB
MemAvailable:    1526000 kB
Buffers:           24256 kB
Cached:           175920 kB
MemTotal:        1844596 kB
MemFree:         1455036 kB
MemAvailable:    1524620 kB
Buffers:           24256 kB
Cached:           175920 kB
MemTotal:        1844596 kB
MemFree:         1455044 kB
MemAvailable:    1524628 kB
Buffers:           24256 kB
Cached:           175920 kB
MemTotal:        1844596 kB
MemFree:         1456344 kB
MemAvailable:    1525928 kB
Buffers:           24256 kB
Cached:           175920 kB
MemTotal:        1844596 kB
MemFree:         1455376 kB
MemAvailable:    1524960 kB
Buffers:           24256 kB
Cached:           175920 kB
MemTotal:        1844596 kB
MemFree:         1456336 kB
MemAvailable:    1525920 kB
Buffers:           24256 kB
Cached:           175920 kB
MemTotal:        1844596 kB
MemFree:         1455368 kB
MemAvailable:    1524952 kB
Buffers:           24256 kB
Cached:           175920 kB
MemTotal:        1844596 kB
MemFree:         1456268 kB
MemAvailable:    1525852 kB
Buffers:           24256 kB
Cached:           175920 kB
MemTotal:        1844596 kB
MemFree:         1456160 kB
MemAvailable:    1525744 kB
Buffers:           24256 kB
Cached:           175920 kB
MemTotal:        1844596 kB
MemFree:         1456160 kB
MemAvailable:    1525744 kB
Buffers:           24256 kB
Cached:           175920 kB
MemTotal:        1844596 kB
MemFree:         1456220 kB
MemAvailable:    1525804 kB
Buffers:           24256 kB
Cached:           175920 kB
MemTotal:        1844596 kB
MemFree:         1455796 kB
MemAvailable:    1525380 kB
Buffers:           24256 kB
Cached:           175920 kB
MemTotal:        1844596 kB
MemFree:         1454920 kB
MemAvailable:    1524504 kB
Buffers:           24256 kB
Cached:           175920 kB
MemTotal:        1844596 kB
MemFree:         1456152 kB
MemAvailable:    1525736 kB
Buffers:           24256 kB
Cached:           175920 kB
MemTotal:        1844596 kB
MemFree:         1456408 kB
MemAvailable:    1525992 kB
Buffers:           24256 kB
Cached:           175920 kB
MemTotal:        1844596 kB
MemFree:         1456352 kB
MemAvailable:    1525936 kB
Buffers:           24256 kB
Cached:           175920 kB
MemTotal:        1844596 kB
MemFree:         1455548 kB
MemAvailable:    1525132 kB
Buffers:           24256 kB
Cached:           175920 kB
MemTotal:        1844596 kB
MemFree:         1456140 kB
MemAvailable:    1525724 kB
Buffers:           24256 kB
Cached:           175920 kB
MemTotal:        1844596 kB
MemFree:         1456224 kB
MemAvailable:    1525808 kB
Buffers:           24256 kB
Cached:           175920 kB
MemTotal:        1844596 kB
MemFree:         1456328 kB
MemAvailable:    1525912 kB
Buffers:           24256 kB
Cached:           175920 kB
MemTotal:        1844596 kB
MemFree:         1456112 kB
MemAvailable:    1525696 kB
Buffers:           24256 kB
Cached:           175920 kB
MemTotal:        1844596 kB
MemFree:         1456112 kB
MemAvailable:    1525696 kB
Buffers:           24256 kB
Cached:           175920 kB
MemTotal:        1844596 kB
MemFree:         1456140 kB
MemAvailable:    1525724 kB
Buffers:           24256 kB
Cached:           175920 kB
MemTotal:        1844596 kB
MemFree:         1456224 kB
MemAvailable:    1525808 kB
Buffers:           24256 kB
Cached:           175920 kB
MemTotal:        1844596 kB
MemFree:         1456288 kB
MemAvailable:    1525872 kB
Buffers:           24256 kB
Cached:           175920 kB
MemTotal:        1844596 kB
MemFree:         1456256 kB
MemAvailable:    1525840 kB
Buffers:           24256 kB
Cached:           175920 kB
MemTotal:        1844596 kB
MemFree:         1456264 kB
MemAvailable:    1525848 kB
Buffers:           24256 kB
Cached:           175920 kB
MemTotal:        1844596 kB
MemFree:         1455140 kB
MemAvailable:    1524724 kB
Buffers:           24256 kB
Cached:           175920 kB
MemTotal:        1844596 kB
MemFree:         1456304 kB
MemAvailable:    1525888 kB
Buffers:           24256 kB
Cached:           175920 kB
MemTotal:        1844596 kB
MemFree:         1455164 kB
MemAvailable:    1524748 kB
Buffers:           24256 kB
Cached:           175920 kB
MemTotal:        1844596 kB
MemFree:         1455164 kB
MemAvailable:    1524748 kB
Buffers:           24256 kB
Cached:           175920 kB
MemTotal:        1844596 kB
MemFree:         1455164 kB
MemAvailable:    1524748 kB
Buffers:           24256 kB
Cached:           175920 kB
MemTotal:        1844596 kB
MemFree:         1456344 kB
MemAvailable:    1525928 kB
Buffers:           24256 kB
Cached:           175920 kB
MemTotal:        1844596 kB
MemFree:         1455036 kB
MemAvailable:    1524620 kB
Buffers:           24256 kB
Cached:           175920 kB
MemTotal:        1844596 kB
MemFree:         1455036 kB
MemAvailable:    1524620 kB
Buffers:           24256 kB
Cached:           175920 kB
MemTotal:        1844596 kB
MemFree:         1455104 kB
MemAvailable:    1524688 kB
Buffers:           24256 kB
Cached:           175920 kB
MemTotal:        1844596 kB
MemFree:         1454984 kB
MemAvailable:    1524568 kB
Buffers:           24256 kB
Cached:           175920 kB
MemTotal:        1844596 kB
MemFree:         1456268 kB
MemAvailable:    1525852 kB
Buffers:           24256 kB
Cached:           175920 kB
MemTotal:        1844596 kB
MemFree:         1456260 kB
MemAvailable:    1525844 kB
Buffers:           24256 kB
Cached:           175920 kB
MemTotal:        1844596 kB
MemFree:         1454976 kB
MemAvailable:    1524560 kB
Buffers:           24256 kB
Cached:           175920 kB
MemTotal:        1844596 kB
MemFree:         1456276 kB
MemAvailable:    1525860 kB
Buffers:           24256 kB
Cached:           175920 kB
MemTotal:        1844596 kB
MemFree:         1456168 kB
MemAvailable:    1525752 kB
Buffers:           24256 kB
Cached:           175920 kB
MemTotal:        1844596 kB
MemFree:         1456172 kB
MemAvailable:    1525756 kB
Buffers:           24256 kB
Cached:           175920 kB
MemTotal:        1844596 kB
MemFree:         1454868 kB
MemAvailable:    1524452 kB
Buffers:           24256 kB
Cached:           175920 kB
MemTotal:        1844596 kB
MemFree:         1456168 kB
MemAvailable:    1525752 kB
Buffers:           24256 kB
Cached:           175920 kB
MemTotal:        1844596 kB
MemFree:         1456352 kB
MemAvailable:    1525936 kB
Buffers:           24256 kB
Cached:           175920 kB
MemTotal:        1844596 kB
MemFree:         1456304 kB
MemAvailable:    1525888 kB
Buffers:           24256 kB
Cached:           175920 kB
MemTotal:        1844596 kB
MemFree:         1456148 kB
MemAvailable:    1525732 kB
Buffers:           24256 kB
Cached:           175920 kB
MemTotal:        1844596 kB
MemFree:         1456404 kB
MemAvailable:    1525988 kB
Buffers:           24256 kB
Cached:           175920 kB
MemTotal:        1844596 kB
MemFree:         1456292 kB
MemAvailable:    1525876 kB
Buffers:           24256 kB
Cached:           175920 kB
MemTotal:        1844596 kB
MemFree:         1455028 kB
MemAvailable:    1524612 kB
Buffers:           24256 kB
Cached:           175920 kB
MemTotal:        1844596 kB
MemFree:         1456180 kB
MemAvailable:    1525764 kB
Buffers:           24256 kB
Cached:           175920 kB
MemTotal:        1844596 kB
MemFree:         1456216 kB
MemAvailable:    1525800 kB
Buffers:           24256 kB
Cached:           175920 kB
MemTotal:        1844596 kB
MemFree:         1455260 kB
MemAvailable:    1524844 kB
Buffers:           24256 kB
Cached:           175920 kB
MemTotal:        1844596 kB
MemFree:         1455416 kB
MemAvailable:    1525012 kB
Buffers:           24256 kB
Cached:           175932 kB
MemTotal:        1844596 kB
MemFree:         1455424 kB
MemAvailable:    1525032 kB
Buffers:           24268 kB
Cached:           175932 kB
MemTotal:        1844596 kB
MemFree:         1456532 kB
MemAvailable:    1526140 kB
Buffers:           24268 kB
Cached:           175932 kB
MemTotal:        1844596 kB
MemFree:         1456600 kB
MemAvailable:    1526208 kB
Buffers:           24268 kB
Cached:           175932 kB
MemTotal:        1844596 kB
MemFree:         1456600 kB
MemAvailable:    1526208 kB
Buffers:           24268 kB
Cached:           175932 kB
MemTotal:        1844596 kB
MemFree:         1454780 kB
MemAvailable:    1524388 kB
Buffers:           24268 kB
Cached:           175932 kB
MemTotal:        1844596 kB
MemFree:         1456460 kB
MemAvailable:    1526068 kB
Buffers:           24268 kB
Cached:           175932 kB
MemTotal:        1844596 kB
MemFree:         1455780 kB
MemAvailable:    1525388 kB
Buffers:           24268 kB
Cached:           175932 kB
MemTotal:        1844596 kB
MemFree:         1454876 kB
MemAvailable:    1524484 kB
Buffers:           24268 kB
Cached:           175932 kB
MemTotal:        1844596 kB
MemFree:         1456228 kB
MemAvailable:    1525836 kB
Buffers:           24268 kB
Cached:           175932 kB
MemTotal:        1844596 kB
MemFree:         1454664 kB
MemAvailable:    1524272 kB
Buffers:           24268 kB
Cached:           175932 kB
MemTotal:        1844596 kB
MemFree:         1456664 kB
MemAvailable:    1526272 kB
Buffers:           24268 kB
Cached:           175932 kB
MemTotal:        1844596 kB
MemFree:         1459700 kB
MemAvailable:    1529308 kB
Buffers:           24268 kB
Cached:           175932 kB
MemTotal:        1844596 kB
MemFree:         1458576 kB
MemAvailable:    1528184 kB
Buffers:           24268 kB
Cached:           175932 kB
MemTotal:        1844596 kB
MemFree:         1458080 kB
MemAvailable:    1527688 kB
Buffers:           24268 kB
Cached:           175932 kB
MemTotal:        1844596 kB
MemFree:         1458080 kB
MemAvailable:    1527688 kB
Buffers:           24268 kB
Cached:           175932 kB
MemTotal:        1844596 kB
MemFree:         1457004 kB
MemAvailable:    1526612 kB
Buffers:           24268 kB
Cached:           175932 kB
MemTotal:        1844596 kB
MemFree:         1457648 kB
MemAvailable:    1527256 kB
Buffers:           24268 kB
Cached:           175932 kB
MemTotal:        1844596 kB
MemFree:         1458112 kB
MemAvailable:    1527720 kB
Buffers:           24268 kB
Cached:           175932 kB
MemTotal:        1844596 kB
MemFree:         1458092 kB
MemAvailable:    1527700 kB
Buffers:           24268 kB
Cached:           175932 kB
MemTotal:        1844596 kB
MemFree:         1458072 kB
MemAvailable:    1527680 kB
Buffers:           24268 kB
Cached:           175932 kB
MemTotal:        1844596 kB
MemFree:         1458324 kB
MemAvailable:    1527932 kB
Buffers:           24268 kB
Cached:           175932 kB
MemTotal:        1844596 kB
MemFree:         1458156 kB
MemAvailable:    1527764 kB
Buffers:           24268 kB
Cached:           175932 kB
MemTotal:        1844596 kB
MemFree:         1457956 kB
MemAvailable:    1527564 kB
Buffers:           24268 kB
Cached:           175932 kB
MemTotal:        1844596 kB
MemFree:         1458292 kB
MemAvailable:    1527900 kB
Buffers:           24268 kB
Cached:           175932 kB
MemTotal:        1844596 kB
MemFree:         1458124 kB
MemAvailable:    1527732 kB
Buffers:           24268 kB
Cached:           175932 kB
MemTotal:        1844596 kB
MemFree:         1456716 kB
MemAvailable:    1526324 kB
Buffers:           24268 kB
Cached:           175932 kB
MemTotal:        1844596 kB
MemFree:         1458088 kB
MemAvailable:    1527696 kB
Buffers:           24268 kB
Cached:           175932 kB
MemTotal:        1844596 kB
MemFree:         1457956 kB
MemAvailable:    1527564 kB
Buffers:           24268 kB
Cached:           175932 kB
MemTotal:        1844596 kB
MemFree:         1457760 kB
MemAvailable:    1527368 kB
Buffers:           24268 kB
Cached:           175932 kB
MemTotal:        1844596 kB
MemFree:         1457884 kB
MemAvailable:    1527492 kB
Buffers:           24268 kB
Cached:           175932 kB
MemTotal:        1844596 kB
MemFree:         1457864 kB
MemAvailable:    1527472 kB
Buffers:           24268 kB
Cached:           175932 kB
MemTotal:        1844596 kB
MemFree:         1457640 kB
MemAvailable:    1527248 kB
Buffers:           24268 kB
Cached:           175932 kB
MemTotal:        1844596 kB
MemFree:         1457976 kB
MemAvailable:    1527584 kB
Buffers:           24268 kB
Cached:           175932 kB
MemTotal:        1844596 kB
MemFree:         1457764 kB
MemAvailable:    1527372 kB
Buffers:           24268 kB
Cached:           175932 kB
MemTotal:        1844596 kB
MemFree:         1457764 kB
MemAvailable:    1527372 kB
Buffers:           24268 kB
Cached:           175932 kB
MemTotal:        1844596 kB
MemFree:         1457784 kB
MemAvailable:    1527392 kB
Buffers:           24268 kB
Cached:           175932 kB
MemTotal:        1844596 kB
MemFree:         1457968 kB
MemAvailable:    1527576 kB
Buffers:           24268 kB
Cached:           175932 kB
MemTotal:        1844596 kB
MemFree:         1456596 kB
MemAvailable:    1526204 kB
Buffers:           24268 kB
Cached:           175932 kB
MemTotal:        1844596 kB
MemFree:         1457740 kB
MemAvailable:    1527348 kB
Buffers:           24268 kB
Cached:           175932 kB
MemTotal:        1844596 kB
MemFree:         1457992 kB
MemAvailable:    1527600 kB
Buffers:           24268 kB
Cached:           175932 kB
MemTotal:        1844596 kB
MemFree:         1457952 kB
MemAvailable:    1527560 kB
Buffers:           24268 kB
Cached:           175932 kB
MemTotal:        1844596 kB
MemFree:         1457844 kB
MemAvailable:    1527452 kB
Buffers:           24268 kB
Cached:           175932 kB
MemTotal:        1844596 kB
MemFree:         1457808 kB
MemAvailable:    1527416 kB
Buffers:           24268 kB
Cached:           175932 kB
MemTotal:        1844596 kB
MemFree:         1457640 kB
MemAvailable:    1527248 kB
Buffers:           24268 kB
Cached:           175932 kB
MemTotal:        1844596 kB
MemFree:         1457980 kB
MemAvailable:    1527588 kB
Buffers:           24268 kB
Cached:           175932 kB
MemTotal:        1844596 kB
MemFree:         1457584 kB
MemAvailable:    1527192 kB
Buffers:           24268 kB
Cached:           175932 kB
MemTotal:        1844596 kB
MemFree:         1456484 kB
MemAvailable:    1526092 kB
Buffers:           24268 kB
Cached:           175932 kB
MemTotal:        1844596 kB
MemFree:         1457752 kB
MemAvailable:    1527360 kB
Buffers:           24268 kB
Cached:           175932 kB
MemTotal:        1844596 kB
MemFree:         1457284 kB
MemAvailable:    1526892 kB
Buffers:           24268 kB
Cached:           175932 kB
MemTotal:        1844596 kB
MemFree:         1458072 kB
MemAvailable:    1527680 kB
Buffers:           24268 kB
Cached:           175932 kB
MemTotal:        1844596 kB
MemFree:         1457820 kB
MemAvailable:    1527428 kB
Buffers:           24268 kB
Cached:           175932 kB
MemTotal:        1844596 kB
MemFree:         1457704 kB
MemAvailable:    1527312 kB
Buffers:           24268 kB
Cached:           175932 kB
MemTotal:        1844596 kB
MemFree:         1457408 kB
MemAvailable:    1527016 kB
Buffers:           24268 kB
Cached:           175932 kB
MemTotal:        1844596 kB
MemFree:         1457584 kB
MemAvailable:    1527192 kB
Buffers:           24268 kB
Cached:           175932 kB
MemTotal:        1844596 kB
MemFree:         1457836 kB
MemAvailable:    1527444 kB
Buffers:           24268 kB
Cached:           175932 kB
MemTotal:        1844596 kB
MemFree:         1457704 kB
MemAvailable:    1527312 kB
Buffers:           24268 kB
Cached:           175932 kB
MemTotal:        1844596 kB
MemFree:         1457704 kB
MemAvailable:    1527312 kB
Buffers:           24268 kB
Cached:           175932 kB
MemTotal:        1844596 kB
MemFree:         1457768 kB
MemAvailable:    1527376 kB
Buffers:           24268 kB
Cached:           175932 kB
MemTotal:        1844596 kB
MemFree:         1458020 kB
MemAvailable:    1527628 kB
Buffers:           24268 kB
Cached:           175932 kB
MemTotal:        1844596 kB
MemFree:         1457480 kB
MemAvailable:    1527088 kB
Buffers:           24268 kB
Cached:           175932 kB
MemTotal:        1844596 kB
MemFree:         1457896 kB
MemAvailable:    1527504 kB
Buffers:           24268 kB
Cached:           175932 kB
MemTotal:        1844596 kB
MemFree:         1457608 kB
MemAvailable:    1527216 kB
Buffers:           24268 kB
Cached:           175932 kB
MemTotal:        1844596 kB
MemFree:         1457944 kB
MemAvailable:    1527552 kB
Buffers:           24268 kB
Cached:           175932 kB
MemTotal:        1844596 kB
MemFree:         1456616 kB
MemAvailable:    1526224 kB
Buffers:           24268 kB
Cached:           175932 kB
MemTotal:        1844596 kB
MemFree:         1457692 kB
MemAvailable:    1527300 kB
Buffers:           24268 kB
Cached:           175932 kB
MemTotal:        1844596 kB
MemFree:         1457692 kB
MemAvailable:    1527300 kB
Buffers:           24268 kB
Cached:           175932 kB
MemTotal:        1844596 kB
MemFree:         1457732 kB
MemAvailable:    1527340 kB
Buffers:           24268 kB
Cached:           175932 kB
MemTotal:        1844596 kB
MemFree:         1457828 kB
MemAvailable:    1527436 kB
Buffers:           24268 kB
Cached:           175932 kB
MemTotal:        1844596 kB
MemFree:         1456912 kB
MemAvailable:    1526520 kB
Buffers:           24268 kB
Cached:           175932 kB
MemTotal:        1844596 kB
MemFree:         1457628 kB
MemAvailable:    1527236 kB
Buffers:           24268 kB
Cached:           175932 kB
MemTotal:        1844596 kB
MemFree:         1457880 kB
MemAvailable:    1527488 kB
Buffers:           24268 kB
Cached:           175932 kB
MemTotal:        1844596 kB
MemFree:         1456596 kB
MemAvailable:    1526204 kB
Buffers:           24268 kB
Cached:           175932 kB
MemTotal:        1844596 kB
MemFree:         1457580 kB
MemAvailable:    1527188 kB
Buffers:           24268 kB
Cached:           175932 kB
MemTotal:        1844596 kB
MemFree:         1457724 kB
MemAvailable:    1527332 kB
Buffers:           24268 kB
Cached:           175932 kB
MemTotal:        1844596 kB
MemFree:         1457588 kB
MemAvailable:    1527196 kB
Buffers:           24268 kB
Cached:           175932 kB
MemTotal:        1844596 kB
MemFree:         1456912 kB
MemAvailable:    1526520 kB
Buffers:           24268 kB
Cached:           175932 kB
MemTotal:        1844596 kB
MemFree:         1456612 kB
MemAvailable:    1526220 kB
Buffers:           24268 kB
Cached:           175932 kB
MemTotal:        1844596 kB
MemFree:         1456612 kB
MemAvailable:    1526220 kB
Buffers:           24268 kB
Cached:           175932 kB
MemTotal:        1844596 kB
MemFree:         1457028 kB
MemAvailable:    1526636 kB
Buffers:           24268 kB
Cached:           175932 kB
MemTotal:        1844596 kB
MemFree:         1457028 kB
MemAvailable:    1526640 kB
Buffers:           24268 kB
Cached:           175936 kB
MemTotal:        1844596 kB
MemFree:         1458236 kB
MemAvailable:    1527848 kB
Buffers:           24268 kB
Cached:           175936 kB
MemTotal:        1844596 kB
MemFree:         1458204 kB
MemAvailable:    1527816 kB
Buffers:           24268 kB
Cached:           175936 kB
MemTotal:        1844596 kB
MemFree:         1457940 kB
MemAvailable:    1527552 kB
Buffers:           24268 kB
Cached:           175936 kB
MemTotal:        1844596 kB
MemFree:         1457840 kB
MemAvailable:    1527460 kB
Buffers:           24268 kB
Cached:           175944 kB
MemTotal:        1844596 kB
MemFree:         1456624 kB
MemAvailable:    1526244 kB
Buffers:           24268 kB
Cached:           175944 kB
MemTotal:        1844596 kB
MemFree:         1456780 kB
MemAvailable:    1526400 kB
Buffers:           24268 kB
Cached:           175944 kB
MemTotal:        1844596 kB
MemFree:         1458236 kB
MemAvailable:    1527856 kB
Buffers:           24268 kB
Cached:           175944 kB
MemTotal:        1844596 kB
MemFree:         1456788 kB
MemAvailable:    1526408 kB
Buffers:           24268 kB
Cached:           175944 kB
MemTotal:        1844596 kB
MemFree:         1457952 kB
MemAvailable:    1527572 kB
Buffers:           24268 kB
Cached:           175944 kB
MemTotal:        1844596 kB
MemFree:         1457688 kB
MemAvailable:    1527308 kB
Buffers:           24268 kB
Cached:           175944 kB
MemTotal:        1844596 kB
MemFree:         1457904 kB
MemAvailable:    1527524 kB
Buffers:           24268 kB
Cached:           175944 kB
MemTotal:        1844596 kB
MemFree:         1456472 kB
MemAvailable:    1526092 kB
Buffers:           24268 kB
Cached:           175944 kB
MemTotal:        1844596 kB
MemFree:         1456344 kB
MemAvailable:    1525964 kB
Buffers:           24268 kB
Cached:           175944 kB
MemTotal:        1844596 kB
MemFree:         1457868 kB
MemAvailable:    1527488 kB
Buffers:           24268 kB
Cached:           175944 kB
MemTotal:        1844596 kB
MemFree:         1457752 kB
MemAvailable:    1527372 kB
Buffers:           24268 kB
Cached:           175944 kB
MemTotal:        1844596 kB
MemFree:         1457892 kB
MemAvailable:    1527512 kB
Buffers:           24268 kB
Cached:           175944 kB
MemTotal:        1844596 kB
MemFree:         1457820 kB
MemAvailable:    1527440 kB
Buffers:           24268 kB
Cached:           175944 kB
MemTotal:        1844596 kB
MemFree:         1458072 kB
MemAvailable:    1527692 kB
Buffers:           24268 kB
Cached:           175944 kB
MemTotal:        1844596 kB
MemFree:         1457376 kB
MemAvailable:    1526996 kB
Buffers:           24268 kB
Cached:           175944 kB
MemTotal:        1844596 kB
MemFree:         1456512 kB
MemAvailable:    1526132 kB
Buffers:           24268 kB
Cached:           175944 kB
MemTotal:        1844596 kB
MemFree:         1457572 kB
MemAvailable:    1527192 kB
Buffers:           24268 kB
Cached:           175944 kB
MemTotal:        1844596 kB
MemFree:         1456460 kB
MemAvailable:    1526080 kB
Buffers:           24268 kB
Cached:           175944 kB
MemTotal:        1844596 kB
MemFree:         1457928 kB
MemAvailable:    1527548 kB
Buffers:           24268 kB
Cached:           175944 kB
MemTotal:        1844596 kB
MemFree:         1457516 kB
MemAvailable:    1527136 kB
Buffers:           24268 kB
Cached:           175944 kB
MemTotal:        1844596 kB
MemFree:         1456488 kB
MemAvailable:    1526108 kB
Buffers:           24268 kB
Cached:           175944 kB
MemTotal:        1844596 kB
MemFree:         1457840 kB
MemAvailable:    1527460 kB
Buffers:           24268 kB
Cached:           175944 kB
MemTotal:        1844596 kB
MemFree:         1456144 kB
MemAvailable:    1525764 kB
Buffers:           24268 kB
Cached:           175944 kB
MemTotal:        1844596 kB
MemFree:         1456096 kB
MemAvailable:    1525716 kB
Buffers:           24268 kB
Cached:           175944 kB
MemTotal:        1844596 kB
MemFree:         1456648 kB
MemAvailable:    1526268 kB
Buffers:           24268 kB
Cached:           175944 kB
MemTotal:        1844596 kB
MemFree:         1457684 kB
MemAvailable:    1527304 kB
Buffers:           24268 kB
Cached:           175944 kB
MemTotal:        1844596 kB
MemFree:         1457904 kB
MemAvailable:    1527524 kB
Buffers:           24268 kB
Cached:           175944 kB
MemTotal:        1844596 kB
MemFree:         1457584 kB
MemAvailable:    1527204 kB
Buffers:           24268 kB
Cached:           175944 kB
MemTotal:        1844596 kB
MemFree:         1457836 kB
MemAvailable:    1527456 kB
Buffers:           24268 kB
Cached:           175944 kB
MemTotal:        1844596 kB
MemFree:         1457820 kB
MemAvailable:    1527440 kB
Buffers:           24268 kB
Cached:           175944 kB
MemTotal:        1844596 kB
MemFree:         1457836 kB
MemAvailable:    1527456 kB
Buffers:           24268 kB
Cached:           175944 kB
MemTotal:        1844596 kB
MemFree:         1457748 kB
MemAvailable:    1527368 kB
Buffers:           24268 kB
Cached:           175944 kB
MemTotal:        1844596 kB
MemFree:         1457816 kB
MemAvailable:    1527436 kB
Buffers:           24268 kB
Cached:           175944 kB
MemTotal:        1844596 kB
MemFree:         1457636 kB
MemAvailable:    1527256 kB
Buffers:           24268 kB
Cached:           175944 kB
MemTotal:        1844596 kB
MemFree:         1457892 kB
MemAvailable:    1527512 kB
Buffers:           24268 kB
Cached:           175944 kB
MemTotal:        1844596 kB
MemFree:         1457696 kB
MemAvailable:    1527316 kB
Buffers:           24268 kB
Cached:           175944 kB
MemTotal:        1844596 kB
MemFree:         1457580 kB
MemAvailable:    1527200 kB
Buffers:           24268 kB
Cached:           175944 kB
MemTotal:        1844596 kB
MemFree:         1457664 kB
MemAvailable:    1527284 kB
Buffers:           24268 kB
Cached:           175944 kB
MemTotal:        1844596 kB
MemFree:         1457692 kB
MemAvailable:    1527312 kB
Buffers:           24268 kB
Cached:           175944 kB
MemTotal:        1844596 kB
MemFree:         1457292 kB
MemAvailable:    1526912 kB
Buffers:           24268 kB
Cached:           175944 kB
MemTotal:        1844596 kB
MemFree:         1457772 kB
MemAvailable:    1527392 kB
Buffers:           24268 kB
Cached:           175944 kB
MemTotal:        1844596 kB
MemFree:         1457788 kB
MemAvailable:    1527408 kB
Buffers:           24268 kB
Cached:           175944 kB
MemTotal:        1844596 kB
MemFree:         1457792 kB
MemAvailable:    1527412 kB
Buffers:           24268 kB
Cached:           175944 kB
MemTotal:        1844596 kB
MemFree:         1456788 kB
MemAvailable:    1526408 kB
Buffers:           24268 kB
Cached:           175944 kB
MemTotal:        1844596 kB
MemFree:         1456904 kB
MemAvailable:    1526524 kB
Buffers:           24268 kB
Cached:           175944 kB
MemTotal:        1844596 kB
MemFree:         1458144 kB
MemAvailable:    1527764 kB
Buffers:           24268 kB
Cached:           175944 kB
MemTotal:        1844596 kB
MemFree:         1458012 kB
MemAvailable:    1527632 kB
Buffers:           24268 kB
Cached:           175944 kB
MemTotal:        1844596 kB
MemFree:         1457616 kB
MemAvailable:    1527236 kB
Buffers:           24268 kB
Cached:           175944 kB
MemTotal:        1844596 kB
MemFree:         1457532 kB
MemAvailable:    1527152 kB
Buffers:           24268 kB
Cached:           175944 kB
MemTotal:        1844596 kB
MemFree:         1457768 kB
MemAvailable:    1527388 kB
Buffers:           24268 kB
Cached:           175944 kB
MemTotal:        1844596 kB
MemFree:         1456644 kB
MemAvailable:    1526264 kB
Buffers:           24268 kB
Cached:           175944 kB
MemTotal:        1844596 kB
MemFree:         1457820 kB
MemAvailable:    1527440 kB
Buffers:           24268 kB
Cached:           175944 kB
MemTotal:        1844596 kB
MemFree:         1456720 kB
MemAvailable:    1526340 kB
Buffers:           24268 kB
Cached:           175944 kB
MemTotal:        1844596 kB
MemFree:         1457940 kB
MemAvailable:    1527560 kB
Buffers:           24268 kB
Cached:           175944 kB
MemTotal:        1844596 kB
MemFree:         1457824 kB
MemAvailable:    1527444 kB
Buffers:           24268 kB
Cached:           175944 kB
MemTotal:        1844596 kB
MemFree:         1457692 kB
MemAvailable:    1527312 kB
Buffers:           24268 kB
Cached:           175944 kB
MemTotal:        1844596 kB
MemFree:         1456780 kB
MemAvailable:    1526400 kB
Buffers:           24268 kB
Cached:           175944 kB
MemTotal:        1844596 kB
MemFree:         1456912 kB
MemAvailable:    1526540 kB
Buffers:           24268 kB
Cached:           175952 kB
MemTotal:        1844596 kB
MemFree:         1457028 kB
MemAvailable:    1526656 kB
Buffers:           24268 kB
Cached:           175952 kB
MemTotal:        1844596 kB
MemFree:         1457888 kB
MemAvailable:    1527516 kB
Buffers:           24268 kB
Cached:           175952 kB
MemTotal:        1844596 kB
MemFree:         1457664 kB
MemAvailable:    1527292 kB
Buffers:           24268 kB
Cached:           175952 kB
MemTotal:        1844596 kB
MemFree:         1457792 kB
MemAvailable:    1527420 kB
Buffers:           24268 kB
Cached:           175952 kB
MemTotal:        1844596 kB
MemFree:         1456652 kB
MemAvailable:    1526280 kB
Buffers:           24268 kB
Cached:           175952 kB
MemTotal:        1844596 kB
MemFree:         1457804 kB
MemAvailable:    1527432 kB
Buffers:           24268 kB
Cached:           175952 kB
MemTotal:        1844596 kB
MemFree:         1457776 kB
MemAvailable:    1527404 kB
Buffers:           24268 kB
Cached:           175952 kB
MemTotal:        1844596 kB
MemFree:         1457812 kB
MemAvailable:    1527440 kB
Buffers:           24268 kB
Cached:           175952 kB
MemTotal:        1844596 kB
MemFree:         1457036 kB
MemAvailable:    1526664 kB
Buffers:           24268 kB
Cached:           175952 kB
MemTotal:        1844596 kB
MemFree:         1457768 kB
MemAvailable:    1527396 kB
Buffers:           24268 kB
Cached:           175952 kB
MemTotal:        1844596 kB
MemFree:         1456644 kB
MemAvailable:    1526272 kB
Buffers:           24268 kB
Cached:           175952 kB
MemTotal:        1844596 kB
MemFree:         1457712 kB
MemAvailable:    1527340 kB
Buffers:           24268 kB
Cached:           175952 kB
MemTotal:        1844596 kB
MemFree:         1457712 kB
MemAvailable:    1527340 kB
Buffers:           24268 kB
Cached:           175952 kB
MemTotal:        1844596 kB
MemFree:         1458088 kB
MemAvailable:    1527720 kB
Buffers:           24268 kB
Cached:           175956 kB
MemTotal:        1844596 kB
MemFree:         1457408 kB
MemAvailable:    1527040 kB
Buffers:           24268 kB
Cached:           175956 kB
MemTotal:        1844596 kB
MemFree:         1457628 kB
MemAvailable:    1527260 kB
Buffers:           24268 kB
Cached:           175956 kB
MemTotal:        1844596 kB
MemFree:         1457852 kB
MemAvailable:    1527484 kB
Buffers:           24268 kB
Cached:           175956 kB
MemTotal:        1844596 kB
MemFree:         1456664 kB
MemAvailable:    1526296 kB
Buffers:           24268 kB
Cached:           175956 kB
MemTotal:        1844596 kB
MemFree:         1456912 kB
MemAvailable:    1526544 kB
Buffers:           24268 kB
Cached:           175956 kB
MemTotal:        1844596 kB
MemFree:         1457600 kB
MemAvailable:    1527232 kB
Buffers:           24268 kB
Cached:           175956 kB
MemTotal:        1844596 kB
MemFree:         1457724 kB
MemAvailable:    1527356 kB
Buffers:           24268 kB
Cached:           175956 kB
MemTotal:        1844596 kB
MemFree:         1457892 kB
MemAvailable:    1527524 kB
Buffers:           24268 kB
Cached:           175956 kB
MemTotal:        1844596 kB
MemFree:         1456408 kB
MemAvailable:    1526040 kB
Buffers:           24268 kB
Cached:           175956 kB
MemTotal:        1844596 kB
MemFree:         1456416 kB
MemAvailable:    1526048 kB
Buffers:           24268 kB
Cached:           175956 kB
MemTotal:        1844596 kB
MemFree:         1457780 kB
MemAvailable:    1527412 kB
Buffers:           24268 kB
Cached:           175956 kB
MemTotal:        1844596 kB
MemFree:         1456492 kB
MemAvailable:    1526124 kB
Buffers:           24268 kB
Cached:           175956 kB
MemTotal:        1844596 kB
MemFree:         1456484 kB
MemAvailable:    1526116 kB
Buffers:           24268 kB
Cached:           175956 kB
MemTotal:        1844596 kB
MemFree:         1457600 kB
MemAvailable:    1527232 kB
Buffers:           24268 kB
Cached:           175956 kB
MemTotal:        1844596 kB
MemFree:         1457668 kB
MemAvailable:    1527300 kB
Buffers:           24268 kB
Cached:           175956 kB
MemTotal:        1844596 kB
MemFree:         1457704 kB
MemAvailable:    1527336 kB
Buffers:           24268 kB
Cached:           175956 kB
MemTotal:        1844596 kB
MemFree:         1456604 kB
MemAvailable:    1526236 kB
Buffers:           24268 kB
Cached:           175956 kB
MemTotal:        1844596 kB
MemFree:         1456480 kB
MemAvailable:    1526112 kB
Buffers:           24268 kB
Cached:           175956 kB
MemTotal:        1844596 kB
MemFree:         1457792 kB
MemAvailable:    1527424 kB
Buffers:           24268 kB
Cached:           175956 kB
MemTotal:        1844596 kB
MemFree:         1456508 kB
MemAvailable:    1526140 kB
Buffers:           24268 kB
Cached:           175956 kB
MemTotal:        1844596 kB
MemFree:         1456468 kB
MemAvailable:    1526100 kB
Buffers:           24268 kB
Cached:           175956 kB
MemTotal:        1844596 kB
MemFree:         1457680 kB
MemAvailable:    1527312 kB
Buffers:           24268 kB
Cached:           175956 kB
MemTotal:        1844596 kB
MemFree:         1457656 kB
MemAvailable:    1527288 kB
Buffers:           24268 kB
Cached:           175956 kB
MemTotal:        1844596 kB
MemFree:         1457716 kB
MemAvailable:    1527348 kB
Buffers:           24268 kB
Cached:           175956 kB
MemTotal:        1844596 kB
MemFree:         1457732 kB
MemAvailable:    1527364 kB
Buffers:           24268 kB
Cached:           175956 kB
MemTotal:        1844596 kB
MemFree:         1457704 kB
MemAvailable:    1527336 kB
Buffers:           24268 kB
Cached:           175956 kB
MemTotal:        1844596 kB
MemFree:         1457608 kB
MemAvailable:    1527240 kB
Buffers:           24268 kB
Cached:           175956 kB
MemTotal:        1844596 kB
MemFree:         1457524 kB
MemAvailable:    1527156 kB
Buffers:           24268 kB
Cached:           175956 kB
MemTotal:        1844596 kB
MemFree:         1457664 kB
MemAvailable:    1527296 kB
Buffers:           24268 kB
Cached:           175956 kB
MemTotal:        1844596 kB
MemFree:         1457648 kB
MemAvailable:    1527280 kB
Buffers:           24268 kB
Cached:           175956 kB
MemTotal:        1844596 kB
MemFree:         1457400 kB
MemAvailable:    1527032 kB
Buffers:           24268 kB
Cached:           175956 kB
MemTotal:        1844596 kB
MemFree:         1457592 kB
MemAvailable:    1527224 kB
Buffers:           24268 kB
Cached:           175956 kB
MemTotal:        1844596 kB
MemFree:         1457524 kB
MemAvailable:    1527156 kB
Buffers:           24268 kB
Cached:           175956 kB
MemTotal:        1844596 kB
MemFree:         1457524 kB
MemAvailable:    1527156 kB
Buffers:           24268 kB
Cached:           175956 kB
MemTotal:        1844596 kB
MemFree:         1457648 kB
MemAvailable:    1527280 kB
Buffers:           24268 kB
Cached:           175956 kB
MemTotal:        1844596 kB
MemFree:         1457788 kB
MemAvailable:    1527420 kB
Buffers:           24268 kB
Cached:           175956 kB
MemTotal:        1844596 kB
MemFree:         1457668 kB
MemAvailable:    1527300 kB
Buffers:           24268 kB
Cached:           175956 kB
MemTotal:        1844596 kB
MemFree:         1457644 kB
MemAvailable:    1527276 kB
Buffers:           24268 kB
Cached:           175956 kB
MemTotal:        1844596 kB
MemFree:         1457624 kB
MemAvailable:    1527256 kB
Buffers:           24268 kB
Cached:           175956 kB
MemTotal:        1844596 kB
MemFree:         1457516 kB
MemAvailable:    1527148 kB
Buffers:           24268 kB
Cached:           175956 kB
MemTotal:        1844596 kB
MemFree:         1457724 kB
MemAvailable:    1527356 kB
Buffers:           24268 kB
Cached:           175956 kB
MemTotal:        1844596 kB
MemFree:         1456352 kB
MemAvailable:    1525984 kB
Buffers:           24268 kB
Cached:           175956 kB
MemTotal:        1844596 kB
MemFree:         1457696 kB
MemAvailable:    1527328 kB
Buffers:           24268 kB
Cached:           175956 kB
MemTotal:        1844596 kB
MemFree:         1457448 kB
MemAvailable:    1527080 kB
Buffers:           24268 kB
Cached:           175956 kB
MemTotal:        1844596 kB
MemFree:         1457700 kB
MemAvailable:    1527332 kB
Buffers:           24268 kB
Cached:           175956 kB
MemTotal:        1844596 kB
MemFree:         1456340 kB
MemAvailable:    1525972 kB
Buffers:           24268 kB
Cached:           175956 kB
MemTotal:        1844596 kB
MemFree:         1457448 kB
MemAvailable:    1527080 kB
Buffers:           24268 kB
Cached:           175956 kB
MemTotal:        1844596 kB
MemFree:         1457616 kB
MemAvailable:    1527248 kB
Buffers:           24268 kB
Cached:           175956 kB
MemTotal:        1844596 kB
MemFree:         1457668 kB
MemAvailable:    1527300 kB
Buffers:           24268 kB
Cached:           175956 kB
MemTotal:        1844596 kB
MemFree:         1456236 kB
MemAvailable:    1525868 kB
Buffers:           24268 kB
Cached:           175956 kB
MemTotal:        1844596 kB
MemFree:         1457704 kB
MemAvailable:    1527336 kB
Buffers:           24268 kB
Cached:           175956 kB
MemTotal:        1844596 kB
MemFree:         1457524 kB
MemAvailable:    1527156 kB
Buffers:           24268 kB
Cached:           175956 kB
MemTotal:        1844596 kB
MemFree:         1457776 kB
MemAvailable:    1527408 kB
Buffers:           24268 kB
Cached:           175956 kB
MemTotal:        1844596 kB
MemFree:         1456276 kB
MemAvailable:    1525908 kB
Buffers:           24268 kB
Cached:           175956 kB
MemTotal:        1844596 kB
MemFree:         1457668 kB
MemAvailable:    1527300 kB
Buffers:           24268 kB
Cached:           175956 kB
MemTotal:        1844596 kB
MemFree:         1457504 kB
MemAvailable:    1527136 kB
Buffers:           24268 kB
Cached:           175956 kB
MemTotal:        1844596 kB
MemFree:         1457756 kB
MemAvailable:    1527388 kB
Buffers:           24268 kB
Cached:           175956 kB
MemTotal:        1844596 kB
MemFree:         1457660 kB
MemAvailable:    1527292 kB
Buffers:           24268 kB
Cached:           175956 kB
MemTotal:        1844596 kB
MemFree:         1457704 kB
MemAvailable:    1527336 kB
Buffers:           24268 kB
Cached:           175956 kB
MemTotal:        1844596 kB
MemFree:         1456480 kB
MemAvailable:    1526112 kB
Buffers:           24268 kB
Cached:           175956 kB
MemTotal:        1844596 kB
MemFree:         1456392 kB
MemAvailable:    1526024 kB
Buffers:           24268 kB
Cached:           175956 kB
MemTotal:        1844596 kB
MemFree:         1457612 kB
MemAvailable:    1527148 kB
Buffers:           24268 kB
Cached:           175956 kB
MemTotal:        1844596 kB
MemFree:         1457516 kB
MemAvailable:    1527148 kB
Buffers:           24268 kB
Cached:           175956 kB
MemTotal:        1844596 kB
MemFree:         1457464 kB
MemAvailable:    1527096 kB
Buffers:           24268 kB
Cached:           175956 kB
MemTotal:        1844596 kB
MemFree:         1457648 kB
MemAvailable:    1527280 kB
Buffers:           24268 kB
Cached:           175956 kB
MemTotal:        1844596 kB
MemFree:         1457580 kB
MemAvailable:    1527212 kB
Buffers:           24268 kB
Cached:           175956 kB
MemTotal:        1844596 kB
MemFree:         1457576 kB
MemAvailable:    1527208 kB
Buffers:           24268 kB
Cached:           175956 kB
MemTotal:        1844596 kB
MemFree:         1457292 kB
MemAvailable:    1526924 kB
Buffers:           24268 kB
Cached:           175956 kB
MemTotal:        1844596 kB
MemFree:         1457584 kB
MemAvailable:    1527216 kB
Buffers:           24268 kB
Cached:           175956 kB
MemTotal:        1844596 kB
MemFree:         1457732 kB
MemAvailable:    1527364 kB
Buffers:           24268 kB
Cached:           175956 kB
MemTotal:        1844596 kB
MemFree:         1456912 kB
MemAvailable:    1526544 kB
Buffers:           24268 kB
Cached:           175956 kB
MemTotal:        1844596 kB
MemFree:         1457660 kB
MemAvailable:    1527292 kB
Buffers:           24268 kB
Cached:           175956 kB
MemTotal:        1844596 kB
MemFree:         1456396 kB
MemAvailable:    1526028 kB
Buffers:           24268 kB
Cached:           175956 kB
MemTotal:        1844596 kB
MemFree:         1457620 kB
MemAvailable:    1527252 kB
Buffers:           24268 kB
Cached:           175956 kB
MemTotal:        1844596 kB
MemFree:         1457624 kB
MemAvailable:    1527256 kB
Buffers:           24268 kB
Cached:           175956 kB
MemTotal:        1844596 kB
MemFree:         1457624 kB
MemAvailable:    1527256 kB
Buffers:           24268 kB
Cached:           175956 kB
MemTotal:        1844596 kB
MemFree:         1456532 kB
MemAvailable:    1526164 kB
Buffers:           24268 kB
Cached:           175956 kB
MemTotal:        1844596 kB
MemFree:         1457656 kB
MemAvailable:    1527288 kB
Buffers:           24268 kB
Cached:           175956 kB
MemTotal:        1844596 kB
MemFree:         1457392 kB
MemAvailable:    1527092 kB
Buffers:           24268 kB
Cached:           176048 kB
MemTotal:        1844596 kB
MemFree:         1457392 kB
MemAvailable:    1527092 kB
Buffers:           24268 kB
Cached:           176048 kB
MemTotal:        1844596 kB
MemFree:         1457256 kB
MemAvailable:    1527124 kB
Buffers:           24268 kB
Cached:           176296 kB
MemTotal:        1844596 kB
MemFree:         1457508 kB
MemAvailable:    1527376 kB
Buffers:           24268 kB
Cached:           176296 kB
MemTotal:        1844596 kB
MemFree:         1457004 kB
MemAvailable:    1526956 kB
Buffers:           24268 kB
Cached:           176420 kB
MemTotal:        1844596 kB
MemFree:         1457204 kB
MemAvailable:    1527156 kB
Buffers:           24268 kB
Cached:           176420 kB
MemTotal:        1844596 kB
MemFree:         1456832 kB
MemAvailable:    1526952 kB
Buffers:           24268 kB
Cached:           176668 kB
MemTotal:        1844596 kB
MemFree:         1456916 kB
MemAvailable:    1527120 kB
Buffers:           24268 kB
Cached:           176668 kB
MemTotal:        1844596 kB
MemFree:         1456704 kB
MemAvailable:    1526908 kB
Buffers:           24268 kB
Cached:           176668 kB
MemTotal:        1844596 kB
MemFree:         1456960 kB
MemAvailable:    1527164 kB
Buffers:           24268 kB
Cached:           176668 kB
MemTotal:        1844596 kB
MemFree:         1456740 kB
MemAvailable:    1526944 kB
Buffers:           24268 kB
Cached:           176668 kB
MemTotal:        1844596 kB
MemFree:         1456824 kB
MemAvailable:    1527028 kB
Buffers:           24268 kB
Cached:           176668 kB
MemTotal:        1844596 kB
MemFree:         1456648 kB
MemAvailable:    1526852 kB
Buffers:           24268 kB
Cached:           176668 kB
MemTotal:        1844596 kB
MemFree:         1456816 kB
MemAvailable:    1527020 kB
Buffers:           24268 kB
Cached:           176668 kB
MemTotal:        1844596 kB
MemFree:         1456848 kB
MemAvailable:    1527052 kB
Buffers:           24268 kB
Cached:           176668 kB
MemTotal:        1844596 kB
MemFree:         1456608 kB
MemAvailable:    1526896 kB
Buffers:           24268 kB
Cached:           176792 kB
MemTotal:        1844596 kB
MemFree:         1457452 kB
MemAvailable:    1527068 kB
Buffers:           24268 kB
Cached:           176036 kB
MemTotal:        1844596 kB
MemFree:         1516888 kB
MemAvailable:    1586504 kB
Buffers:           24268 kB
Cached:           176036 kB
